error: frameworks not supported

error: aborting due to 1 previous error

